Linux version 6.6.155 (cos-vmimg@cos-vmimg) (gcc (Ubuntu 13.3.0-6ubuntu2~24.04.1) 13.3.0, GNU ld (GNU Binutils for Ubuntu) 2.42) #5 SMP PREEMPT_DYNAMIC Tue Nov 14 10:13:20 PM UTC 2023
Command line: console=ttyS0 tsc=reliable tsc_early_khz=2100000 eb.rungs=L0,L2,L7 eb.n=100000 eb.site=kernel eb.chunk=1024 eb.cold=0 eb.mmio_gpa=0x40000000 eb.reps=400 eb.hold=0 eb.repeat=1
BIOS-provided physical RAM map:
BIOS-e820: [mem 0x0000000000000000-0x000000000009fbff] usable
BIOS-e820: [mem 0x000000000009fc00-0x000000000009ffff] reserved
BIOS-e820: [mem 0x00000000000f0000-0x00000000000fffff] reserved
BIOS-e820: [mem 0x0000000000100000-0x000000001fffefff] usable
BIOS-e820: [mem 0x000000001ffff000-0x000000001fffffff] reserved
BIOS-e820: [mem 0x00000000feffc000-0x00000000feffffff] reserved
BIOS-e820: [mem 0x00000000fffc0000-0x00000000ffffffff] reserved
NX (Execute Disable) protection: active
APIC: Static calls initialized
SMBIOS 2.4 present.
DMI: Bochs Bochs, BIOS Bochs 01/01/2011
tsc: Detected 2100.000 MHz processor
last_pfn = 0x1ffff max_arch_pfn = 0x400000000
MTRR map: 4 entries (3 fixed + 1 variable; max 19), built from 8 variable MTRRs
x86/PAT: Configuration [0-7]: WB  WC  UC- UC  WB  WP  UC- WT  
Using GB pages for direct mapping
RAMDISK: [mem 0x1fe05000-0x1ffeffff]
ACPI: Early table checksum verification disabled
ACPI: RSDP 0x00000000000F4250 000024 (v02 BOCHS )
ACPI: XSDT 0x000000001FFFFFAE 000034 (v01 BOCHS  BXPC     00000001 BXPC 00000001)
ACPI: FACP 0x000000001FFFFE50 00010C (v05 BOCHS  BXPC     00000001 BXPC 00000001)
ACPI: DSDT 0x000000001FFFFD00 000150 (v02 BOCHS  BXPC     00000001 BXPC 00000001)
ACPI: APIC 0x000000001FFFFF5C 000052 (v03 BOCHS  BXPC     00000001 BXPC 00000001)
ACPI: Reserving FACP table memory at [mem 0x1ffffe50-0x1fffff5b]
ACPI: Reserving DSDT table memory at [mem 0x1ffffd00-0x1ffffe4f]
ACPI: Reserving APIC table memory at [mem 0x1fffff5c-0x1fffffad]
Zone ranges:
  DMA      [mem 0x0000000000001000-0x0000000000ffffff]
  DMA32    [mem 0x0000000001000000-0x000000001fffefff]
  Normal   empty
Movable zone start for each node
Early memory node ranges
  node   0: [mem 0x0000000000001000-0x000000000009efff]
  node   0: [mem 0x0000000000100000-0x000000001fffefff]
Initmem setup node 0 [mem 0x0000000000001000-0x000000001fffefff]
On node 0, zone DMA: 1 pages in unavailable ranges
On node 0, zone DMA: 97 pages in unavailable ranges
On node 0, zone DMA32: 1 pages in unavailable ranges
ACPI: LAPIC_NMI (acpi_id[0xff] dfl dfl lint[0x1])
IOAPIC[0]: apic_id 0, version 32, address 0xfec00000, GSI 0-23
IOAPIC[1]: apic_id 1, version 32, address 0xfec10000, GSI 24-47
ACPI: Using ACPI (MADT) for SMP configuration information
TSC deadline timer available
smpboot: Allowing 1 CPUs, 0 hotplug CPUs
[mem 0x20000000-0xfeffbfff] available for PCI devices
clocksource: refined-jiffies: mask: 0xffffffff max_cycles: 0xffffffff, max_idle_ns: 7645519600211568 ns
setup_percpu: NR_CPUS:64 nr_cpumask_bits:1 nr_cpu_ids:1 nr_node_ids:1
percpu: Embedded 44 pages/cpu s139728 r8192 d32304 u2097152
Kernel command line: console=ttyS0 tsc=reliable tsc_early_khz=2100000 eb.rungs=L0,L2,L7 eb.n=100000 eb.site=kernel eb.chunk=1024 eb.cold=0 eb.mmio_gpa=0x40000000 eb.reps=400 eb.hold=0 eb.repeat=1
random: crng init done
Dentry cache hash table entries: 65536 (order: 7, 524288 bytes, linear)
Inode-cache hash table entries: 32768 (order: 6, 262144 bytes, linear)
Built 1 zonelists, mobility grouping on.  Total pages: 128767
mem auto-init: stack:off, heap alloc:off, heap free:off
Memory: 491348K/523892K available (10240K kernel code, 934K rwdata, 2316K rodata, 3548K init, 1572K bss, 32288K reserved, 0K cma-reserved)
SLUB: HWalign=64, Order=0-3, MinObjects=0, CPUs=1, Nodes=1
Kernel/User page tables isolation: enabled
Dynamic Preempt: full
rcu: Preemptible hierarchical RCU implementation.
rcu: 	RCU restricting CPUs from NR_CPUS=64 to nr_cpu_ids=1.
	Trampoline variant of Tasks RCU enabled.
rcu: RCU calculated value of scheduler-enlistment delay is 25 jiffies.
rcu: Adjusting geometry for rcu_fanout_leaf=16, nr_cpu_ids=1
NR_IRQS: 4352, nr_irqs: 56, preallocated irqs: 0
rcu: srcu_init: Setting srcu_struct sizes based on contention.
Console: colour *CGA 80x25
printk: console [ttyS0] enabled
ACPI: Core revision 20230628
APIC: Switch to symmetric I/O mode setup
clocksource: tsc-early: mask: 0xffffffffffffffff max_cycles: 0x1e4530a99b6, max_idle_ns: 440795257976 ns
Calibrating delay loop (skipped), value calculated using timer frequency.. 4200.00 BogoMIPS (lpj=8400000)
x86/cpu: User Mode Instruction Prevention (UMIP) activated
Last level iTLB entries: 4KB 0, 2MB 0, 4MB 0
Last level dTLB entries: 4KB 0, 2MB 0, 4MB 0, 1GB 0
Spectre V1 : Mitigation: usercopy/swapgs barriers and __user pointer sanitization
Spectre V2 : Spectre BHI mitigation: SW BHB clearing on vm exit
Spectre V2 : Spectre BHI mitigation: SW BHB clearing on syscall
Spectre V2 : Mitigation: IBRS
Spectre V2 : Spectre v2 / SpectreRSB: Filling RSB on context switch and VMEXIT
RETBleed: Mitigation: IBRS
Spectre V2 : mitigation: Enabling conditional Indirect Branch Prediction Barrier
Speculative Store Bypass: Mitigation: Speculative Store Bypass disabled via prctl
MDS: Mitigation: Clear CPU buffers
TAA: Mitigation: Clear CPU buffers
MMIO Stale Data: Mitigation: Clear CPU buffers
GDS: Unknown: Dependent on hypervisor status
active return thunk: its_return_thunk
ITS: Mitigation: Aligned branch/return thunks
x86/fpu: Supporting XSAVE feature 0x001: 'x87 floating point registers'
x86/fpu: Supporting XSAVE feature 0x002: 'SSE registers'
x86/fpu: Supporting XSAVE feature 0x004: 'AVX registers'
x86/fpu: Supporting XSAVE feature 0x008: 'MPX bounds registers'
x86/fpu: Supporting XSAVE feature 0x010: 'MPX CSR'
x86/fpu: Supporting XSAVE feature 0x020: 'AVX-512 opmask'
x86/fpu: Supporting XSAVE feature 0x040: 'AVX-512 Hi256'
x86/fpu: Supporting XSAVE feature 0x080: 'AVX-512 ZMM_Hi256'
x86/fpu: xstate_offset[2]:  576, xstate_sizes[2]:  256
x86/fpu: xstate_offset[3]:  832, xstate_sizes[3]:   64
x86/fpu: xstate_offset[4]:  896, xstate_sizes[4]:   64
x86/fpu: xstate_offset[5]:  960, xstate_sizes[5]:   64
x86/fpu: xstate_offset[6]: 1024, xstate_sizes[6]:  512
x86/fpu: xstate_offset[7]: 1536, xstate_sizes[7]: 1024
x86/fpu: Enabled xstate features 0xff, context size is 2560 bytes, using 'compacted' format.
Freeing SMP alternatives memory: 24K
pid_max: default: 32768 minimum: 301
Mount-cache hash table entries: 1024 (order: 1, 8192 bytes, linear)
Mountpoint-cache hash table entries: 1024 (order: 1, 8192 bytes, linear)
smpboot: CPU0: Intel(R) Xeon(R) Platinum 8160 CPU @ 2.10GHz (family: 0x6, model: 0x55, stepping: 0x4)
RCU Tasks: Setting shift to 0 and lim to 1 rcu_task_cb_adjust=1 rcu_task_cpu_ids=1.
Performance Events: Skylake events, full-width counters, Intel PMU driver.
... version:                2
... bit width:              48
... generic registers:      8
... value mask:             0000ffffffffffff
... max period:             00007fffffffffff
... fixed-purpose events:   3
... event mask:             00000007000000ff
signal: max sigframe size: 3216
rcu: Hierarchical SRCU implementation.
rcu: 	Max phase no-delay instances is 1000.
smp: Bringing up secondary CPUs ...
smp: Brought up 1 node, 1 CPU
smpboot: Max logical packages: 1
smpboot: Total of 1 processors activated (4200.00 BogoMIPS)
devtmpfs: initialized
clocksource: jiffies: mask: 0xffffffff max_cycles: 0xffffffff, max_idle_ns: 7645041785100000 ns
futex hash table entries: 256 (order: 2, 16384 bytes, linear)
NET: Registered PF_NETLINK/PF_ROUTE protocol family
thermal_sys: Registered thermal governor 'step_wise'
thermal_sys: Registered thermal governor 'user_space'
cpuidle: using governor ladder
PCI: Fatal: No config space access function found
kprobes: kprobe jump-optimization is enabled. All kprobes are optimized if possible.
ACPI: Added _OSI(Module Device)
ACPI: Added _OSI(Processor Device)
ACPI: Added _OSI(Processor Aggregator Device)
ACPI: 1 ACPI AML tables successfully acquired and loaded
ACPI: _OSC evaluated successfully for all CPUs
ACPI: Interpreter enabled
ACPI: PM: (supports S0 S5)
ACPI: Using IOAPIC for interrupt routing
PCI: Using host bridge windows from ACPI; if necessary, use "pci=nocrs" and report a bug
PCI: Using E820 reservations for host bridge windows
PCI: Using ACPI for IRQ routing
PCI: System does not support PCI
vgaarb: loaded
clocksource: Switched to clocksource tsc-early
pnp: PnP ACPI init
pnp: PnP ACPI: found 2 devices
NET: Registered PF_INET protocol family
IP idents hash table entries: 8192 (order: 4, 65536 bytes, linear)
tcp_listen_portaddr_hash hash table entries: 256 (order: 0, 4096 bytes, linear)
Table-perturb hash table entries: 65536 (order: 6, 262144 bytes, linear)
TCP established hash table entries: 4096 (order: 3, 32768 bytes, linear)
TCP bind hash table entries: 4096 (order: 5, 131072 bytes, linear)
TCP: Hash tables configured (established 4096 bind 4096)
MPTCP token hash table entries: 512 (order: 2, 12288 bytes, linear)
UDP hash table entries: 256 (order: 1, 8192 bytes, linear)
UDP-Lite hash table entries: 256 (order: 1, 8192 bytes, linear)
NET: Registered PF_UNIX/PF_LOCAL protocol family
PCI: CLS 0 bytes, default 64
workingset: timestamp_bits=62 max_order=17 bucket_order=0
Serial: 8250/16550 driver, 4 ports, IRQ sharing disabled
Unpacking initramfs...
00:00: ttyS0 at I/O 0x3f8 (irq = 49, base_baud = 115200) is a 16550A
tun: Universal TUN/TAP device driver, 1.6
e1000: Intel(R) PRO/1000 Network Driver
e1000: Copyright (c) 1999-2006 Intel Corporation.
e1000e: Intel(R) PRO/1000 Network Driver
e1000e: Copyright(c) 1999 - 2015 Intel Corporation.
igb: Intel(R) Gigabit Ethernet Network Driver
igb: Copyright (c) 2007-2014 Intel Corporation.
igbvf: Intel(R) Gigabit Virtual Function Network Driver
igbvf: Copyright (c) 2009 - 2012 Intel Corporation.
ixgbe: Intel(R) 10 Gigabit PCI Express Network Driver
ixgbe: Copyright (c) 1999-2016 Intel Corporation.
intel_pstate: CPU model not supported
NET: Registered PF_LLC protocol family
ipip: IPv4 and MPLS over IPv4 tunneling driver
IPv4 over IPsec tunneling driver
Initializing XFRM netlink socket
NET: Registered PF_PACKET protocol family
NET: Registered PF_KEY protocol family
8021q: 802.1Q VLAN Support v1.8
DCCP: Activated CCID 2 (TCP-like)
DCCP: Activated CCID 3 (TCP-Friendly Rate Control)
DCCP is deprecated and scheduled to be removed in 2025, please contact the netdev mailing list
Freeing initrd memory: 1964K
NET: Registered PF_RDS protocol family
NET: Registered PF_VSOCK protocol family
mpls_gso: MPLS GSO support
IPI shorthand broadcast: enabled
sched_clock: Marking stable (247363451, 127106717)->(479394043, -104923875)
printk: console [netcon0] enabled
netconsole: network logging started
Warning: unable to open an initial console.
Freeing unused kernel image (initmem) memory: 3548K
Write protecting the kernel read-only data: 14336k
Freeing unused kernel image (rodata/data gap) memory: 1780K
Run /init as init process
EXITBENCH config rungs=L0,L2,L7 n=100000 site=kernel chunk=1024 cold=0 gpa=0x40000000 probe=
  insmod /modules/exit_bench.ko
exit_bench: loading out-of-tree module taints kernel.
exit_bench: loaded, /dev/exit-bench ready (fallback mmio gpa 0x80000000)
--- exit ladder: site=kernel ---
EXITBENCH rung=L0 name=rdtsc site=kernel mode=hot n=100000 min=54 p50=58 p90=58 p99=60 p999=60 max=13702 mean=57.3 stddev=60.8
EXITBENCH rung=L2 name=vmcall site=kernel mode=hot n=100000 min=3824 p50=3880 p90=3886 p99=3892 p999=12908 max=595152 mean=3904.9 stddev=2107.3
clocksource: tsc: mask: 0xffffffffffffffff max_cycles: 0x1e4530a99b6, max_idle_ns: 440795257976 ns
clocksource: Switched to clocksource tsc
note: L7 used gpa 0x40000000
EXITBENCH rung=L7 name=mmio_unbacked site=kernel mode=hot n=100000 min=28344 p50=28984 p90=29072 p99=39194 p999=47836 max=291162 mean=29197.2 stddev=2585.2
EXITBENCH done rc=0
EXITBENCH RUN COMPLETE
ACPI: PM: Preparing to enter system sleep state S5
reboot: Power down
