cmdline: BOOT_IMAGE=/vmlinuz-6.8.0-94-generic root=/dev/mapper/ubuntu--vg-ubuntu--lv ro isolcpus=2 nohz_full=2 rcu_nocbs=2 mitigations=off
  kvm_intel: enable_apicv=Y preemption_timer=Y 
[s0-pmu-on] EXITBENCH rung=L2 name=vmcall site=kernel mode=hot n=200000 min=2438 p50=2502 p90=2510 p99=2536 p999=2742 max=7570 mean=2497.4 stddev=53.7
[s0-pmu-on] EXITBENCH rung=L7 name=mmio_unbacked site=kernel mode=hot n=200000 min=8652 p50=8970 p90=9190 p99=9330 p999=10920 max=304894 mean=8995.6 stddev=719.0
[s1-pmu-off] EXITBENCH rung=L2 name=vmcall site=kernel mode=hot n=200000 min=2116 p50=2168 p90=2178 p99=2180 p999=2616 max=10842 mean=2165.3 stddev=56.5
[s1-pmu-off] EXITBENCH rung=L7 name=mmio_unbacked site=kernel mode=hot n=200000 min=8326 p50=8616 p90=8766 p99=8860 p999=10710 max=237718 mean=8636.4 stddev=569.0
[s2-pmu-off-nopku] EXITBENCH rung=L2 name=vmcall site=kernel mode=hot n=200000 min=2112 p50=2162 p90=2174 p99=2178 p999=2610 max=40890 mean=2162.4 stddev=109.1
[s2-pmu-off-nopku] EXITBENCH rung=L7 name=mmio_unbacked site=kernel mode=hot n=200000 min=8222 p50=8516 p90=8640 p99=8750 p999=10544 max=246678 mean=8532.8 stddev=588.1
  kvm_intel: enable_apicv=N preemption_timer=Y 
[s3-apicv-off] EXITBENCH rung=L2 name=vmcall site=kernel mode=hot n=200000 min=2078 p50=2090 p90=2096 p99=2100 p999=2258 max=5638 mean=2092.2 stddev=45.7
[s3-apicv-off] EXITBENCH rung=L7 name=mmio_unbacked site=kernel mode=hot n=200000 min=8360 p50=8550 p90=8736 p99=8826 p999=11340 max=245324 mean=8587.2 stddev=581.1
  kvm_intel: enable_apicv=N preemption_timer=N 
[s4-hvtimer-off] EXITBENCH rung=L2 name=vmcall site=kernel mode=hot n=200000 min=2032 p50=2042 p90=2046 p99=2052 p999=2210 max=43062 mean=2043.4 stddev=122.1
[s4-hvtimer-off] EXITBENCH rung=L7 name=mmio_unbacked site=kernel mode=hot n=200000 min=8020 p50=8254 p90=8310 p99=8440 p999=9538 max=237128 mean=8258.3 stddev=554.2
=== profiling the fully stripped config ===
prof rc=0
    19.89%  [k] vmx_vmexit                                     [kvm_intel]          -      -            
     8.06%  [k] native_write_msr                               [kernel.kallsyms]    -      -            
     5.80%  [k] kvm_load_host_xsave_state.part.0               [kvm]                -      -            
     5.39%  [k] kvm_load_guest_xsave_state.part.0              [kvm]                -      -            
     4.78%  [k] vcpu_enter_guest                               [kvm]                -      -            
     4.76%  [k] native_read_msr                                [kernel.kallsyms]    -      -            
  kvm_intel: enable_apicv=Y preemption_timer=Y 
